Archive member included to satisfy reference by file (symbol)

c:/st/stm32cubeide_1.2.0/stm32cubeide/plugins/com.st.stm32cube.ide.mcu.externaltools.gnu-tools-for-stm32.7-2018-q2-update.win32_1.0.0.201904181610/tools/bin/../lib/gcc/arm-none-eabi/7.3.1/../../../../arm-none-eabi/lib/thumb/v7-m\libc_nano.a(lib_a-errno.o)
                              Core/Src/syscalls.o (__errno)
c:/st/stm32cubeide_1.2.0/stm32cubeide/plugins/com.st.stm32cube.ide.mcu.externaltools.gnu-tools-for-stm32.7-2018-q2-update.win32_1.0.0.201904181610/tools/bin/../lib/gcc/arm-none-eabi/7.3.1/../../../../arm-none-eabi/lib/thumb/v7-m\libc_nano.a(lib_a-exit.o)
                              c:/st/stm32cubeide_1.2.0/stm32cubeide/plugins/com.st.stm32cube.ide.mcu.externaltools.gnu-tools-for-stm32.7-2018-q2-update.win32_1.0.0.201904181610/tools/bin/../lib/gcc/arm-none-eabi/7.3.1/../../../../arm-none-eabi/lib/thumb/v7-m/crt0.o (exit)
c:/st/stm32cubeide_1.2.0/stm32cubeide/plugins/com.st.stm32cube.ide.mcu.externaltools.gnu-tools-for-stm32.7-2018-q2-update.win32_1.0.0.201904181610/tools/bin/../lib/gcc/arm-none-eabi/7.3.1/../../../../arm-none-eabi/lib/thumb/v7-m\libc_nano.a(lib_a-impure.o)
                              c:/st/stm32cubeide_1.2.0/stm32cubeide/plugins/com.st.stm32cube.ide.mcu.externaltools.gnu-tools-for-stm32.7-2018-q2-update.win32_1.0.0.201904181610/tools/bin/../lib/gcc/arm-none-eabi/7.3.1/../../../../arm-none-eabi/lib/thumb/v7-m\libc_nano.a(lib_a-exit.o) (_global_impure_ptr)
c:/st/stm32cubeide_1.2.0/stm32cubeide/plugins/com.st.stm32cube.ide.mcu.externaltools.gnu-tools-for-stm32.7-2018-q2-update.win32_1.0.0.201904181610/tools/bin/../lib/gcc/arm-none-eabi/7.3.1/../../../../arm-none-eabi/lib/thumb/v7-m\libc_nano.a(lib_a-init.o)
                              c:/st/stm32cubeide_1.2.0/stm32cubeide/plugins/com.st.stm32cube.ide.mcu.externaltools.gnu-tools-for-stm32.7-2018-q2-update.win32_1.0.0.201904181610/tools/bin/../lib/gcc/arm-none-eabi/7.3.1/../../../../arm-none-eabi/lib/thumb/v7-m/crt0.o (__libc_init_array)
c:/st/stm32cubeide_1.2.0/stm32cubeide/plugins/com.st.stm32cube.ide.mcu.externaltools.gnu-tools-for-stm32.7-2018-q2-update.win32_1.0.0.201904181610/tools/bin/../lib/gcc/arm-none-eabi/7.3.1/../../../../arm-none-eabi/lib/thumb/v7-m\libc_nano.a(lib_a-memset.o)
                              c:/st/stm32cubeide_1.2.0/stm32cubeide/plugins/com.st.stm32cube.ide.mcu.externaltools.gnu-tools-for-stm32.7-2018-q2-update.win32_1.0.0.201904181610/tools/bin/../lib/gcc/arm-none-eabi/7.3.1/../../../../arm-none-eabi/lib/thumb/v7-m/crt0.o (memset)

Allocating common symbols
Common symbol       size              file

uwTick              0x4               Drivers/STM32F1xx_HAL_Driver/Src/stm32f1xx_hal.o
pFlash              0x20              Drivers/STM32F1xx_HAL_Driver/Src/stm32f1xx_hal_flash.o

Discarded input sections

 .text          0x0000000000000000        0x0 c:/st/stm32cubeide_1.2.0/stm32cubeide/plugins/com.st.stm32cube.ide.mcu.externaltools.gnu-tools-for-stm32.7-2018-q2-update.win32_1.0.0.201904181610/tools/bin/../lib/gcc/arm-none-eabi/7.3.1/thumb/v7-m/crti.o
 .data          0x0000000000000000        0x0 c:/st/stm32cubeide_1.2.0/stm32cubeide/plugins/com.st.stm32cube.ide.mcu.externaltools.gnu-tools-for-stm32.7-2018-q2-update.win32_1.0.0.201904181610/tools/bin/../lib/gcc/arm-none-eabi/7.3.1/thumb/v7-m/crti.o
 .bss           0x0000000000000000        0x0 c:/st/stm32cubeide_1.2.0/stm32cubeide/plugins/com.st.stm32cube.ide.mcu.externaltools.gnu-tools-for-stm32.7-2018-q2-update.win32_1.0.0.201904181610/tools/bin/../lib/gcc/arm-none-eabi/7.3.1/thumb/v7-m/crti.o
 .data          0x0000000000000000        0x4 c:/st/stm32cubeide_1.2.0/stm32cubeide/plugins/com.st.stm32cube.ide.mcu.externaltools.gnu-tools-for-stm32.7-2018-q2-update.win32_1.0.0.201904181610/tools/bin/../lib/gcc/arm-none-eabi/7.3.1/thumb/v7-m/crtbegin.o
 .text          0x0000000000000000       0x74 c:/st/stm32cubeide_1.2.0/stm32cubeide/plugins/com.st.stm32cube.ide.mcu.externaltools.gnu-tools-for-stm32.7-2018-q2-update.win32_1.0.0.201904181610/tools/bin/../lib/gcc/arm-none-eabi/7.3.1/../../../../arm-none-eabi/lib/thumb/v7-m/crt0.o
 .data          0x0000000000000000        0x0 c:/st/stm32cubeide_1.2.0/stm32cubeide/plugins/com.st.stm32cube.ide.mcu.externaltools.gnu-tools-for-stm32.7-2018-q2-update.win32_1.0.0.201904181610/tools/bin/../lib/gcc/arm-none-eabi/7.3.1/../../../../arm-none-eabi/lib/thumb/v7-m/crt0.o
 .bss           0x0000000000000000        0x0 c:/st/stm32cubeide_1.2.0/stm32cubeide/plugins/com.st.stm32cube.ide.mcu.externaltools.gnu-tools-for-stm32.7-2018-q2-update.win32_1.0.0.201904181610/tools/bin/../lib/gcc/arm-none-eabi/7.3.1/../../../../arm-none-eabi/lib/thumb/v7-m/crt0.o
 .ARM.extab     0x0000000000000000        0x0 c:/st/stm32cubeide_1.2.0/stm32cubeide/plugins/com.st.stm32cube.ide.mcu.externaltools.gnu-tools-for-stm32.7-2018-q2-update.win32_1.0.0.201904181610/tools/bin/../lib/gcc/arm-none-eabi/7.3.1/../../../../arm-none-eabi/lib/thumb/v7-m/crt0.o
[...]
Memory Configuration

Name             Origin             Length             Attributes
RAM              0x0000000020000000 0x0000000000005000 xrw
FLASH            0x0000000008000000 0x0000000000010000 xr
*default*        0x0000000000000000 0xffffffffffffffff

Linker script and memory map

LOAD c:/st/stm32cubeide_1.2.0/stm32cubeide/plugins/com.st.stm32cube.ide.mcu.externaltools.gnu-tools-for-stm32.7-2018-q2-update.win32_1.0.0.201904181610/tools/bin/../lib/gcc/arm-none-eabi/7.3.1/thumb/v7-m/crti.o
LOAD c:/st/stm32cubeide_1.2.0/stm32cubeide/plugins/com.st.stm32cube.ide.mcu.externaltools.gnu-tools-for-stm32.7-2018-q2-update.win32_1.0.0.201904181610/tools/bin/../lib/gcc/arm-none-eabi/7.3.1/thumb/v7-m/crtbegin.o
LOAD c:/st/stm32cubeide_1.2.0/stm32cubeide/plugins/com.st.stm32cube.ide.mcu.externaltools.gnu-tools-for-stm32.7-2018-q2-update.win32_1.0.0.201904181610/tools/bin/../lib/gcc/arm-none-eabi/7.3.1/../../../../arm-none-eabi/lib/thumb/v7-m/crt0.o
LOAD Core/Src/gpio.o
LOAD Core/Src/main.o
LOAD Core/Src/stm32f1xx_hal_msp.o
LOAD Core/Src/stm32f1xx_it.o
LOAD Core/Src/syscalls.o
LOAD Core/Src/sysmem.o
LOAD Core/Src/system_stm32f1xx.o
LOAD Core/Startup/startup_stm32f103c8tx.o
LOAD Drivers/STM32F1xx_HAL_Driver/Src/stm32f1xx_hal.o
LOAD Drivers/STM32F1xx_HAL_Driver/Src/stm32f1xx_hal_cortex.o
LOAD Drivers/STM32F1xx_HAL_Driver/Src/stm32f1xx_hal_dma.o
LOAD Drivers/STM32F1xx_HAL_Driver/Src/stm32f1xx_hal_exti.o
LOAD Drivers/STM32F1xx_HAL_Driver/Src/stm32f1xx_hal_flash.o
LOAD Drivers/STM32F1xx_HAL_Driver/Src/stm32f1xx_hal_flash_ex.o
LOAD Drivers/STM32F1xx_HAL_Driver/Src/stm32f1xx_hal_gpio.o
LOAD Drivers/STM32F1xx_HAL_Driver/Src/stm32f1xx_hal_gpio_ex.o
LOAD Drivers/STM32F1xx_HAL_Driver/Src/stm32f1xx_hal_pwr.o
LOAD Drivers/STM32F1xx_HAL_Driver/Src/stm32f1xx_hal_rcc.o
LOAD Drivers/STM32F1xx_HAL_Driver/Src/stm32f1xx_hal_rcc_ex.o
LOAD Drivers/STM32F1xx_HAL_Driver/Src/stm32f1xx_hal_tim.o
LOAD Drivers/STM32F1xx_HAL_Driver/Src/stm32f1xx_hal_tim_ex.o
LOAD User/Configuration/Tasks/cfg_task.o
LOAD User/Framework/Scheduler/scheduler.o
START GROUP
LOAD c:/st/stm32cubeide_1.2.0/stm32cubeide/plugins/com.st.stm32cube.ide.mcu.externaltools.gnu-tools-for-stm32.7-2018-q2-update.win32_1.0.0.201904181610/tools/bin/../lib/gcc/arm-none-eabi/7.3.1/../../../../arm-none-eabi/lib/thumb/v7-m\libc_nano.a
LOAD c:/st/stm32cubeide_1.2.0/stm32cubeide/plugins/com.st.stm32cube.ide.mcu.externaltools.gnu-tools-for-stm32.7-2018-q2-update.win32_1.0.0.201904181610/tools/bin/../lib/gcc/arm-none-eabi/7.3.1/../../../../arm-none-eabi/lib/thumb/v7-m\libm.a
END GROUP
START GROUP
LOAD c:/st/stm32cubeide_1.2.0/stm32cubeide/plugins/com.st.stm32cube.ide.mcu.externaltools.gnu-tools-for-stm32.7-2018-q2-update.win32_1.0.0.201904181610/tools/bin/../lib/gcc/arm-none-eabi/7.3.1/thumb/v7-m\libgcc.a
LOAD c:/st/stm32cubeide_1.2.0/stm32cubeide/plugins/com.st.stm32cube.ide.mcu.externaltools.gnu-tools-for-stm32.7-2018-q2-update.win32_1.0.0.201904181610/tools/bin/../lib/gcc/arm-none-eabi/7.3.1/../../../../arm-none-eabi/lib/thumb/v7-m\libc_nano.a
END GROUP
START GROUP
LOAD c:/st/stm32cubeide_1.2.0/stm32cubeide/plugins/com.st.stm32cube.ide.mcu.externaltools.gnu-tools-for-stm32.7-2018-q2-update.win32_1.0.0.201904181610/tools/bin/../lib/gcc/arm-none-eabi/7.3.1/thumb/v7-m\libgcc.a
LOAD c:/st/stm32cubeide_1.2.0/stm32cubeide/plugins/com.st.stm32cube.ide.mcu.externaltools.gnu-tools-for-stm32.7-2018-q2-update.win32_1.0.0.201904181610/tools/bin/../lib/gcc/arm-none-eabi/7.3.1/../../../../arm-none-eabi/lib/thumb/v7-m\libc_nano.a
LOAD c:/st/stm32cubeide_1.2.0/stm32cubeide/plugins/com.st.stm32cube.ide.mcu.externaltools.gnu-tools-for-stm32.7-2018-q2-update.win32_1.0.0.201904181610/tools/bin/../lib/gcc/arm-none-eabi/7.3.1/../../../../arm-none-eabi/lib/thumb/v7-m\libnosys.a
END GROUP
START GROUP
LOAD c:/st/stm32cubeide_1.2.0/stm32cubeide/plugins/com.st.stm32cube.ide.mcu.externaltools.gnu-tools-for-stm32.7-2018-q2-update.win32_1.0.0.201904181610/tools/bin/../lib/gcc/arm-none-eabi/7.3.1/thumb/v7-m\libgcc.a
LOAD c:/st/stm32cubeide_1.2.0/stm32cubeide/plugins/com.st.stm32cube.ide.mcu.externaltools.gnu-tools-for-stm32.7-2018-q2-update.win32_1.0.0.201904181610/tools/bin/../lib/gcc/arm-none-eabi/7.3.1/../../../../arm-none-eabi/lib/thumb/v7-m\libc_nano.a
LOAD c:/st/stm32cubeide_1.2.0/stm32cubeide/plugins/com.st.stm32cube.ide.mcu.externaltools.gnu-tools-for-stm32.7-2018-q2-update.win32_1.0.0.201904181610/tools/bin/../lib/gcc/arm-none-eabi/7.3.1/../../../../arm-none-eabi/lib/thumb/v7-m\libnosys.a
END GROUP
LOAD c:/st/stm32cubeide_1.2.0/stm32cubeide/plugins/com.st.stm32cube.ide.mcu.externaltools.gnu-tools-for-stm32.7-2018-q2-update.win32_1.0.0.201904181610/tools/bin/../lib/gcc/arm-none-eabi/7.3.1/thumb/v7-m/crtend.o
LOAD c:/st/stm32cubeide_1.2.0/stm32cubeide/plugins/com.st.stm32cube.ide.mcu.externaltools.gnu-tools-for-stm32.7-2018-q2-update.win32_1.0.0.201904181610/tools/bin/../lib/gcc/arm-none-eabi/7.3.1/thumb/v7-m/crtn.o
                0x0000000020005000                _estack = (ORIGIN (RAM) + LENGTH (RAM))
                0x0000000000000200                _Min_Heap_Size = 0x200
                0x0000000000000400                _Min_Stack_Size = 0x400

.isr_vector     0x0000000008000000      0x10c
                0x0000000008000000                . = ALIGN (0x4)
 *(.isr_vector)
 .isr_vector    0x0000000008000000      0x10c Core/Startup/startup_stm32f103c8tx.o
                0x0000000008000000                g_pfnVectors
                0x000000000800010c                . = ALIGN (0x4)

.text           0x000000000800010c     0x183c
                0x000000000800010c                . = ALIGN (0x4)
 *(.text)
 .text          0x000000000800010c       0x40 c:/st/stm32cubeide_1.2.0/stm32cubeide/plugins/com.st.stm32cube.ide.mcu.externaltools.gnu-tools-for-stm32.7-2018-q2-update.win32_1.0.0.201904181610/tools/bin/../lib/gcc/arm-none-eabi/7.3.1/thumb/v7-m/crtbegin.o
 *(.text*)
 .text.MX_GPIO_Init
                0x000000000800014c       0xc4 Core/Src/gpio.o
                0x000000000800014c                MX_GPIO_Init
 .text.main     0x0000000008000210       0x1a Core/Src/main.o
                0x0000000008000210                main
 .text.SystemClock_Config
                0x000000000800022a       0x8a Core/Src/main.o
                0x000000000800022a                SystemClock_Config
 .text.Error_Handler
                0x00000000080002b4        0xc Core/Src/main.o
                0x00000000080002b4                Error_Handler
 .text.assert_failed
                0x00000000080002c0       0x14 Core/Src/main.o
                0x00000000080002c0                assert_failed
 .text.HAL_MspInit
                0x00000000080002d4       0x64 Core/Src/stm32f1xx_hal_msp.o
                0x00000000080002d4                HAL_MspInit
 .text.NMI_Handler
                0x0000000008000338        0xc Core/Src/stm32f1xx_it.o
                0x0000000008000338                NMI_Handler
 .text.HardFault_Handler
                0x0000000008000344        0x6 Core/Src/stm32f1xx_it.o
                0x0000000008000344                HardFault_Handler
 .text.MemManage_Handler
                0x000000000800034a        0x6 Core/Src/stm32f1xx_it.o
                0x000000000800034a                MemManage_Handler
 .text.BusFault_Handler
                0x0000000008000350        0x6 Core/Src/stm32f1xx_it.o
                0x0000000008000350                BusFault_Handler
 .text.UsageFault_Handler
                0x0000000008000356        0x6 Core/Src/stm32f1xx_it.o
                0x0000000008000356                UsageFault_Handler
 .text.SVC_Handler
                0x000000000800035c        0xc Core/Src/stm32f1xx_it.o
                0x000000000800035c                SVC_Handler
 .text.DebugMon_Handler
                0x0000000008000368        0xc Core/Src/stm32f1xx_it.o
                0x0000000008000368                DebugMon_Handler
 .text.PendSV_Handler
                0x0000000008000374        0xc Core/Src/stm32f1xx_it.o
                0x0000000008000374                PendSV_Handler
 .text.SysTick_Handler
                0x0000000008000380        0xc Core/Src/stm32f1xx_it.o
                0x0000000008000380                SysTick_Handler
 .text.SystemInit
                0x000000000800038c       0x68 Core/Src/system_stm32f1xx.o
                0x000000000800038c                SystemInit
 .text.Reset_Handler
                0x00000000080003f4       0x48 Core/Startup/startup_stm32f103c8tx.o
                0x00000000080003f4                Reset_Handler
 .text.Default_Handler
                0x000000000800043c        0x2 Core/Startup/startup_stm32f103c8tx.o
                0x000000000800043c                RTC_Alarm_IRQHandler
                0x000000000800043c                EXTI2_IRQHandler
                0x000000000800043c                TIM1_CC_IRQHandler
                0x000000000800043c                PVD_IRQHandler
                0x000000000800043c                EXTI3_IRQHandler
                0x000000000800043c                EXTI0_IRQHandler
                0x000000000800043c                I2C2_EV_IRQHandler
                0x000000000800043c                ADC1_2_IRQHandler
                0x000000000800043c                SPI1_IRQHandler
                0x000000000800043c                TAMPER_IRQHandler
                0x000000000800043c                DMA1_Channel4_IRQHandler
                0x000000000800043c                USART3_IRQHandler
                0x000000000800043c                RTC_IRQHandler
                0x000000000800043c                DMA1_Channel7_IRQHandler
                0x000000000800043c                CAN1_RX1_IRQHandler
                0x000000000800043c                TIM4_IRQHandler
                0x000000000800043c                I2C1_EV_IRQHandler
                0x000000000800043c                DMA1_Channel6_IRQHandler
                0x000000000800043c                TIM3_IRQHandler
                0x000000000800043c                RCC_IRQHandler
                0x000000000800043c                TIM1_TRG_COM_IRQHandler
                0x000000000800043c                DMA1_Channel1_IRQHandler
                0x000000000800043c                Default_Handler
                0x000000000800043c                EXTI15_10_IRQHandler
                0x000000000800043c                EXTI9_5_IRQHandler
                0x000000000800043c                SPI2_IRQHandler
                0x000000000800043c                DMA1_Channel5_IRQHandler
                0x000000000800043c                EXTI4_IRQHandler
                0x000000000800043c                USB_LP_CAN1_RX0_IRQHandler
                0x000000000800043c                USB_HP_CAN1_TX_IRQHandler
                0x000000000800043c                DMA1_Channel3_IRQHandler
                0x000000000800043c                TIM1_UP_IRQHandler
                0x000000000800043c                WWDG_IRQHandler
                0x000000000800043c                TIM2_IRQHandler
                0x000000000800043c                TIM1_BRK_IRQHandler
                0x000000000800043c                EXTI1_IRQHandler
                0x000000000800043c                USART2_IRQHandler
                0x000000000800043c                I2C2_ER_IRQHandler
                0x000000000800043c                DMA1_Channel2_IRQHandler
                0x000000000800043c                CAN1_SCE_IRQHandler
                0x000000000800043c                FLASH_IRQHandler
                0x000000000800043c                USART1_IRQHandler
                0x000000000800043c                I2C1_ER_IRQHandler
                0x000000000800043c                USBWakeUp_IRQHandler
 *fill*         0x000000000800043e        0x2 
 .text.HAL_Init
                0x0000000008000440       0x2c Drivers/STM32F1xx_HAL_Driver/Src/stm32f1xx_hal.o
                0x0000000008000440                HAL_Init
 .text.HAL_InitTick
                0x000000000800046c       0x60 Drivers/STM32F1xx_HAL_Driver/Src/stm32f1xx_hal.o
                0x000000000800046c                HAL_InitTick
 .text.HAL_GetTick
                0x00000000080004cc       0x14 Drivers/STM32F1xx_HAL_Driver/Src/stm32f1xx_hal.o
                0x00000000080004cc                HAL_GetTick
 .text.__NVIC_SetPriorityGrouping
                0x00000000080004e0       0x48 Drivers/STM32F1xx_HAL_Driver/Src/stm32f1xx_hal_cortex.o
 .text.__NVIC_GetPriorityGrouping
                0x0000000008000528       0x1c Drivers/STM32F1xx_HAL_Driver/Src/stm32f1xx_hal_cortex.o
 .text.__NVIC_SetPriority
                0x0000000008000544       0x54 Drivers/STM32F1xx_HAL_Driver/Src/stm32f1xx_hal_cortex.o
 .text.NVIC_EncodePriority
                0x0000000008000598       0x64 Drivers/STM32F1xx_HAL_Driver/Src/stm32f1xx_hal_cortex.o
 .text.SysTick_Config
                0x00000000080005fc       0x44 Drivers/STM32F1xx_HAL_Driver/Src/stm32f1xx_hal_cortex.o
 .text.HAL_NVIC_SetPriorityGrouping
                0x0000000008000640       0x40 Drivers/STM32F1xx_HAL_Driver/Src/stm32f1xx_hal_cortex.o
                0x0000000008000640                HAL_NVIC_SetPriorityGrouping
 .text.HAL_NVIC_SetPriority
                0x0000000008000680       0x58 Drivers/STM32F1xx_HAL_Driver/Src/stm32f1xx_hal_cortex.o
                0x0000000008000680                HAL_NVIC_SetPriority
 .text.HAL_SYSTICK_Config
                0x00000000080006d8       0x18 Drivers/STM32F1xx_HAL_Driver/Src/stm32f1xx_hal_cortex.o
                0x00000000080006d8                HAL_SYSTICK_Config
 .text.HAL_GPIO_Init
                0x00000000080006f0      0x474 Drivers/STM32F1xx_HAL_Driver/Src/stm32f1xx_hal_gpio.o
                0x00000000080006f0                HAL_GPIO_Init
 .text.HAL_GPIO_WritePin
                0x0000000008000b64       0x64 Drivers/STM32F1xx_HAL_Driver/Src/stm32f1xx_hal_gpio.o
                0x0000000008000b64                HAL_GPIO_WritePin
 .text.HAL_GPIO_TogglePin
                0x0000000008000bc8       0x4c Drivers/STM32F1xx_HAL_Driver/Src/stm32f1xx_hal_gpio.o
                0x0000000008000bc8                HAL_GPIO_TogglePin
 .text.HAL_RCC_OscConfig
                0x0000000008000c14      0x6e0 Drivers/STM32F1xx_HAL_Driver/Src/stm32f1xx_hal_rcc.o
                0x0000000008000c14                HAL_RCC_OscConfig
 .text.HAL_RCC_ClockConfig
                0x00000000080012f4      0x320 Drivers/STM32F1xx_HAL_Driver/Src/stm32f1xx_hal_rcc.o
                0x00000000080012f4                HAL_RCC_ClockConfig
 .text.HAL_RCC_GetSysClockFreq
                0x0000000008001614       0xc4 Drivers/STM32F1xx_HAL_Driver/Src/stm32f1xx_hal_rcc.o
                0x0000000008001614                HAL_RCC_GetSysClockFreq
 .text.RCC_Delay
                0x00000000080016d8       0x3c Drivers/STM32F1xx_HAL_Driver/Src/stm32f1xx_hal_rcc.o
 .text.task_2pow0
                0x0000000008001714        0xc User/Configuration/Tasks/cfg_task.o
                0x0000000008001714                task_2pow0
 .text.task_2pow1
                0x0000000008001720        0xc User/Configuration/Tasks/cfg_task.o
                0x0000000008001720                task_2pow1
 .text.task_2pow2
                0x000000000800172c       0x18 User/Configuration/Tasks/cfg_task.o
                0x000000000800172c                task_2pow2
 .text.task_2pow3
                0x0000000008001744       0x18 User/Configuration/Tasks/cfg_task.o
                0x0000000008001744                task_2pow3
 .text.task_2pow4
                0x000000000800175c       0x14 User/Configuration/Tasks/cfg_task.o
                0x000000000800175c                task_2pow4
 .text.task_2pow5
                0x0000000008001770       0x14 User/Configuration/Tasks/cfg_task.o
                0x0000000008001770                task_2pow5
 .text.task_2pow6
                0x0000000008001784       0x14 User/Configuration/Tasks/cfg_task.o
                0x0000000008001784                task_2pow6
 .text.task_2pow7
                0x0000000008001798       0x14 User/Configuration/Tasks/cfg_task.o
                0x0000000008001798                task_2pow7
 .text.task_2pow8
                0x00000000080017ac       0x14 User/Configuration/Tasks/cfg_task.o
                0x00000000080017ac                task_2pow8
 .text.task_2pow9
                0x00000000080017c0       0x18 User/Configuration/Tasks/cfg_task.o
                0x00000000080017c0                task_2pow9
 .text.scheduler_init
                0x00000000080017d8       0x24 User/Framework/Scheduler/scheduler.o
                0x00000000080017d8                scheduler_init
 .text.scheduler_main
                0x00000000080017fc       0xc0 User/Framework/Scheduler/scheduler.o
                0x00000000080017fc                scheduler_main
 .text.scheduler_ei_tickUp_ISR
                0x00000000080018bc       0x1c User/Framework/Scheduler/scheduler.o
                0x00000000080018bc                scheduler_ei_tickUp_ISR
 .text.__libc_init_array
                0x00000000080018d8       0x48 c:/st/stm32cubeide_1.2.0/stm32cubeide/plugins/com.st.stm32cube.ide.mcu.externaltools.gnu-tools-for-stm32.7-2018-q2-update.win32_1.0.0.201904181610/tools/bin/../lib/gcc/arm-none-eabi/7.3.1/../../../../arm-none-eabi/lib/thumb/v7-m\libc_nano.a(lib_a-init.o)
                0x00000000080018d8                __libc_init_array
 .text.memset   0x0000000008001920       0x10 c:/st/stm32cubeide_1.2.0/stm32cubeide/plugins/com.st.stm32cube.ide.mcu.externaltools.gnu-tools-for-stm32.7-2018-q2-update.win32_1.0.0.201904181610/tools/bin/../lib/gcc/arm-none-eabi/7.3.1/../../../../arm-none-eabi/lib/thumb/v7-m\libc_nano.a(lib_a-memset.o)
                0x0000000008001920                memset
 *(.glue_7)
 .glue_7        0x0000000008001930        0x0 linker stubs
 *(.glue_7t)
 .glue_7t       0x0000000008001930        0x0 linker stubs
 *(.eh_frame)
 .eh_frame      0x0000000008001930        0x0 c:/st/stm32cubeide_1.2.0/stm32cubeide/plugins/com.st.stm32cube.ide.mcu.externaltools.gnu-tools-for-stm32.7-2018-q2-update.win32_1.0.0.201904181610/tools/bin/../lib/gcc/arm-none-eabi/7.3.1/thumb/v7-m/crtbegin.o
 *(.init)
 .init          0x0000000008001930        0x4 c:/st/stm32cubeide_1.2.0/stm32cubeide/plugins/com.st.stm32cube.ide.mcu.externaltools.gnu-tools-for-stm32.7-2018-q2-update.win32_1.0.0.201904181610/tools/bin/../lib/gcc/arm-none-eabi/7.3.1/thumb/v7-m/crti.o
                0x0000000008001930                _init
 .init          0x0000000008001934        0x8 c:/st/stm32cubeide_1.2.0/stm32cubeide/plugins/com.st.stm32cube.ide.mcu.externaltools.gnu-tools-for-stm32.7-2018-q2-update.win32_1.0.0.201904181610/tools/bin/../lib/gcc/arm-none-eabi/7.3.1/thumb/v7-m/crtn.o
 *(.fini)
 .fini          0x000000000800193c        0x4 c:/st/stm32cubeide_1.2.0/stm32cubeide/plugins/com.st.stm32cube.ide.mcu.externaltools.gnu-tools-for-stm32.7-2018-q2-update.win32_1.0.0.201904181610/tools/bin/../lib/gcc/arm-none-eabi/7.3.1/thumb/v7-m/crti.o
                0x000000000800193c                _fini
 .fini          0x0000000008001940        0x8 c:/st/stm32cubeide_1.2.0/stm32cubeide/plugins/com.st.stm32cube.ide.mcu.externaltools.gnu-tools-for-stm32.7-2018-q2-update.win32_1.0.0.201904181610/tools/bin/../lib/gcc/arm-none-eabi/7.3.1/thumb/v7-m/crtn.o
                0x0000000008001948                . = ALIGN (0x4)
                0x0000000008001948                _etext = .

.vfp11_veneer   0x0000000008001948        0x0
 .vfp11_veneer  0x0000000008001948        0x0 linker stubs

.v4_bx          0x0000000008001948        0x0
 .v4_bx         0x0000000008001948        0x0 linker stubs

.iplt           0x0000000008001948        0x0
 .iplt          0x0000000008001948        0x0 c:/st/stm32cubeide_1.2.0/stm32cubeide/plugins/com.st.stm32cube.ide.mcu.externaltools.gnu-tools-for-stm32.7-2018-q2-update.win32_1.0.0.201904181610/tools/bin/../lib/gcc/arm-none-eabi/7.3.1/thumb/v7-m/crtbegin.o

.rodata         0x0000000008001948       0xd4
                0x0000000008001948                . = ALIGN (0x4)
 *(.rodata)
 .rodata        0x0000000008001948       0x3b Drivers/STM32F1xx_HAL_Driver/Src/stm32f1xx_hal_cortex.o
 *fill*         0x0000000008001983        0x1 
 .rodata        0x0000000008001984       0x39 Drivers/STM32F1xx_HAL_Driver/Src/stm32f1xx_hal_gpio.o
 *fill*         0x00000000080019bd        0x3 
 .rodata        0x00000000080019c0       0x4a Drivers/STM32F1xx_HAL_Driver/Src/stm32f1xx_hal_rcc.o
 *(.rodata*)
 *fill*         0x0000000008001a0a        0x2 
 .rodata.AHBPrescTable
                0x0000000008001a0c       0x10 Core/Src/system_stm32f1xx.o
                0x0000000008001a0c                AHBPrescTable
                0x0000000008001a1c                . = ALIGN (0x4)

.rel.dyn        0x0000000008001a1c        0x0
 .rel.iplt      0x0000000008001a1c        0x0 c:/st/stm32cubeide_1.2.0/stm32cubeide/plugins/com.st.stm32cube.ide.mcu.externaltools.gnu-tools-for-stm32.7-2018-q2-update.win32_1.0.0.201904181610/tools/bin/../lib/gcc/arm-none-eabi/7.3.1/thumb/v7-m/crtbegin.o

.ARM.extab      0x0000000008001a1c        0x0
                0x0000000008001a1c                . = ALIGN (0x4)
 *(.ARM.extab* .gnu.linkonce.armextab.*)
                0x0000000008001a1c                . = ALIGN (0x4)

.ARM            0x0000000008001a1c        0x0
                0x0000000008001a1c                . = ALIGN (0x4)
                0x0000000008001a1c                __exidx_start = .
 *(.ARM.exidx*)
                0x0000000008001a1c                __exidx_end = .
                0x0000000008001a1c                . = ALIGN (0x4)

.preinit_array  0x0000000008001a1c        0x0
                0x0000000008001a1c                . = ALIGN (0x4)
                0x0000000008001a1c                PROVIDE (__preinit_array_start = .)
 *(.preinit_array*)
                0x0000000008001a1c                PROVIDE (__preinit_array_end = .)
                0x0000000008001a1c                . = ALIGN (0x4)

.init_array     0x0000000008001a1c        0x4
                0x0000000008001a1c                . = ALIGN (0x4)
                0x0000000008001a1c                PROVIDE (__init_array_start = .)
 *(SORT_BY_NAME(.init_array.*))
 *(.init_array*)
 .init_array    0x0000000008001a1c        0x4 c:/st/stm32cubeide_1.2.0/stm32cubeide/plugins/com.st.stm32cube.ide.mcu.externaltools.gnu-tools-for-stm32.7-2018-q2-update.win32_1.0.0.201904181610/tools/bin/../lib/gcc/arm-none-eabi/7.3.1/thumb/v7-m/crtbegin.o
                0x0000000008001a20                PROVIDE (__init_array_end = .)
                0x0000000008001a20                . = ALIGN (0x4)

.fini_array     0x0000000008001a20        0x4
                0x0000000008001a20                . = ALIGN (0x4)
                [!provide]                        PROVIDE (__fini_array_start = .)
 *(SORT_BY_NAME(.fini_array.*))
 *(.fini_array*)
 .fini_array    0x0000000008001a20        0x4 c:/st/stm32cubeide_1.2.0/stm32cubeide/plugins/com.st.stm32cube.ide.mcu.externaltools.gnu-tools-for-stm32.7-2018-q2-update.win32_1.0.0.201904181610/tools/bin/../lib/gcc/arm-none-eabi/7.3.1/thumb/v7-m/crtbegin.o
                [!provide]                        PROVIDE (__fini_array_end = .)
                0x0000000008001a24                . = ALIGN (0x4)
                0x0000000008001a24                _sidata = LOADADDR (.data)

.data           0x0000000020000000        0xc load address 0x0000000008001a24
                0x0000000020000000                . = ALIGN (0x4)
                0x0000000020000000                _sdata = .
 *(.data)
 *(.data*)
 .data.SystemCoreClock
                0x0000000020000000        0x4 Core/Src/system_stm32f1xx.o
                0x0000000020000000                SystemCoreClock
 .data.uwTickPrio
                0x0000000020000004        0x4 Drivers/STM32F1xx_HAL_Driver/Src/stm32f1xx_hal.o
                0x0000000020000004                uwTickPrio
 .data.uwTickFreq
                0x0000000020000008        0x1 Drivers/STM32F1xx_HAL_Driver/Src/stm32f1xx_hal.o
                0x0000000020000008                uwTickFreq
                0x000000002000000c                . = ALIGN (0x4)
 *fill*         0x0000000020000009        0x3 
                0x000000002000000c                _edata = .

.igot.plt       0x000000002000000c        0x0 load address 0x0000000008001a30
 .igot.plt      0x000000002000000c        0x0 c:/st/stm32cubeide_1.2.0/stm32cubeide/plugins/com.st.stm32cube.ide.mcu.externaltools.gnu-tools-for-stm32.7-2018-q2-update.win32_1.0.0.201904181610/tools/bin/../lib/gcc/arm-none-eabi/7.3.1/thumb/v7-m/crtbegin.o
                0x000000002000000c                . = ALIGN (0x4)

.bss            0x000000002000000c       0x24 load address 0x0000000008001a30
                0x000000002000000c                _sbss = .
                0x000000002000000c                __bss_start__ = _sbss
 *(.bss)
 .bss           0x000000002000000c       0x1c c:/st/stm32cubeide_1.2.0/stm32cubeide/plugins/com.st.stm32cube.ide.mcu.externaltools.gnu-tools-for-stm32.7-2018-q2-update.win32_1.0.0.201904181610/tools/bin/../lib/gcc/arm-none-eabi/7.3.1/thumb/v7-m/crtbegin.o
 *(.bss*)
 .bss.scheduler
                0x0000000020000028        0x3 User/Framework/Scheduler/scheduler.o
 *(COMMON)
 *fill*         0x000000002000002b        0x1 
 COMMON         0x000000002000002c        0x4 Drivers/STM32F1xx_HAL_Driver/Src/stm32f1xx_hal.o
                0x000000002000002c                uwTick
                0x0000000020000030                . = ALIGN (0x4)
                0x0000000020000030                _ebss = .
                0x0000000020000030                __bss_end__ = _ebss

._user_heap_stack
                0x0000000020000030      0x600 load address 0x0000000008001a30
                0x0000000020000030                . = ALIGN (0x8)
                0x0000000020000030                PROVIDE (end = .)
                [!provide]                        PROVIDE (_end = .)
                0x0000000020000230                . = (. + _Min_Heap_Size)
 *fill*         0x0000000020000030      0x200 
                0x0000000020000630                . = (. + _Min_Stack_Size)
 *fill*         0x0000000020000230      0x400 
                0x0000000020000630                . = ALIGN (0x8)

/DISCARD/
 libc.a(*)
 libm.a(*)
 libgcc.a(*)

.ARM.attributes
                0x0000000000000000       0x29
 *(.ARM.attributes)
 .ARM.attributes
                0x0000000000000000       0x1d c:/st/stm32cubeide_1.2.0/stm32cubeide/plugins/com.st.stm32cube.ide.mcu.externaltools.gnu-tools-for-stm32.7-2018-q2-update.win32_1.0.0.201904181610/tools/bin/../lib/gcc/arm-none-eabi/7.3.1/thumb/v7-m/crti.o
 .ARM.attributes
                0x000000000000001d       0x2d c:/st/stm32cubeide_1.2.0/stm32cubeide/plugins/com.st.stm32cube.ide.mcu.externaltools.gnu-tools-for-stm32.7-2018-q2-update.win32_1.0.0.201904181610/tools/bin/../lib/gcc/arm-none-eabi/7.3.1/thumb/v7-m/crtbegin.o
 .ARM.attributes
                0x000000000000004a       0x33 Core/Src/gpio.o
 .ARM.attributes
                0x000000000000007d       0x33 Core/Src/main.o
 .ARM.attributes
                0x00000000000000b0       0x33 Core/Src/stm32f1xx_hal_msp.o
 .ARM.attributes
                0x00000000000000e3       0x33 Core/Src/stm32f1xx_it.o
 .ARM.attributes
                0x0000000000000116       0x33 Core/Src/system_stm32f1xx.o
 .ARM.attributes
                0x0000000000000149       0x21 Core/Startup/startup_stm32f103c8tx.o
 .ARM.attributes
                0x000000000000016a       0x33 Drivers/STM32F1xx_HAL_Driver/Src/stm32f1xx_hal.o
 .ARM.attributes
                0x000000000000019d       0x33 Drivers/STM32F1xx_HAL_Driver/Src/stm32f1xx_hal_cortex.o
 .ARM.attributes
                0x00000000000001d0       0x33 Drivers/STM32F1xx_HAL_Driver/Src/stm32f1xx_hal_gpio.o
 .ARM.attributes
                0x0000000000000203       0x33 Drivers/STM32F1xx_HAL_Driver/Src/stm32f1xx_hal_rcc.o
 .ARM.attributes
                0x0000000000000236       0x33 User/Configuration/Tasks/cfg_task.o
 .ARM.attributes
                0x0000000000000269       0x33 User/Framework/Scheduler/scheduler.o
 .ARM.attributes
                0x000000000000029c       0x2d c:/st/stm32cubeide_1.2.0/stm32cubeide/plugins/com.st.stm32cube.ide.mcu.externaltools.gnu-tools-for-stm32.7-2018-q2-update.win32_1.0.0.201904181610/tools/bin/../lib/gcc/arm-none-eabi/7.3.1/../../../../arm-none-eabi/lib/thumb/v7-m\libc_nano.a(lib_a-init.o)
 .ARM.attributes
                0x00000000000002c9       0x2d c:/st/stm32cubeide_1.2.0/stm32cubeide/plugins/com.st.stm32cube.ide.mcu.externaltools.gnu-tools-for-stm32.7-2018-q2-update.win32_1.0.0.201904181610/tools/bin/../lib/gcc/arm-none-eabi/7.3.1/../../../../arm-none-eabi/lib/thumb/v7-m\libc_nano.a(lib_a-memset.o)
 .ARM.attributes
                0x00000000000002f6       0x1d c:/st/stm32cubeide_1.2.0/stm32cubeide/plugins/com.st.stm32cube.ide.mcu.externaltools.gnu-tools-for-stm32.7-2018-q2-update.win32_1.0.0.201904181610/tools/bin/../lib/gcc/arm-none-eabi/7.3.1/thumb/v7-m/crtn.o
OUTPUT(SSMC.elf elf32-littlearm)

.debug_info     0x0000000000000000     0x33cb
 .debug_info    0x0000000000000000      0x352 Core/Src/gpio.o
 .debug_info    0x0000000000000352      0x316 Core/Src/main.o
 .debug_info    0x0000000000000668      0x2cb Core/Src/stm32f1xx_hal_msp.o
 .debug_info    0x0000000000000933      0x1fa Core/Src/stm32f1xx_it.o
 .debug_info    0x0000000000000b2d      0x433 Core/Src/system_stm32f1xx.o
 .debug_info    0x0000000000000f60       0x22 Core/Startup/startup_stm32f103c8tx.o
 .debug_info    0x0000000000000f82      0x6fe Drivers/STM32F1xx_HAL_Driver/Src/stm32f1xx_hal.o
 .debug_info    0x0000000000001680      0xb46 Drivers/STM32F1xx_HAL_Driver/Src/stm32f1xx_hal_cortex.o
 .debug_info    0x00000000000021c6      0x681 Drivers/STM32F1xx_HAL_Driver/Src/stm32f1xx_hal_gpio.o
 .debug_info    0x0000000000002847      0x804 Drivers/STM32F1xx_HAL_Driver/Src/stm32f1xx_hal_rcc.o
 .debug_info    0x000000000000304b      0x297 User/Configuration/Tasks/cfg_task.o
 .debug_info    0x00000000000032e2       0xe9 User/Framework/Scheduler/scheduler.o

.debug_abbrev   0x0000000000000000      0xfa8
 .debug_abbrev  0x0000000000000000      0x134 Core/Src/gpio.o
 .debug_abbrev  0x0000000000000134      0x15b Core/Src/main.o
 .debug_abbrev  0x000000000000028f      0x109 Core/Src/stm32f1xx_hal_msp.o
 .debug_abbrev  0x0000000000000398       0xc6 Core/Src/stm32f1xx_it.o
 .debug_abbrev  0x000000000000045e      0x134 Core/Src/system_stm32f1xx.o
 .debug_abbrev  0x0000000000000592       0x12 Core/Startup/startup_stm32f103c8tx.o
 .debug_abbrev  0x00000000000005a4      0x1d8 Drivers/STM32F1xx_HAL_Driver/Src/stm32f1xx_hal.o
 .debug_abbrev  0x000000000000077c      0x2bb Drivers/STM32F1xx_HAL_Driver/Src/stm32f1xx_hal_cortex.o
 .debug_abbrev  0x0000000000000a37      0x1c0 Drivers/STM32F1xx_HAL_Driver/Src/stm32f1xx_hal_gpio.o
 .debug_abbrev  0x0000000000000bf7      0x229 Drivers/STM32F1xx_HAL_Driver/Src/stm32f1xx_hal_rcc.o
 .debug_abbrev  0x0000000000000e20       0xfe User/Configuration/Tasks/cfg_task.o
 .debug_abbrev  0x0000000000000f1e       0x8a User/Framework/Scheduler/scheduler.o

.debug_aranges  0x0000000000000000      0x488
 .debug_aranges
                0x0000000000000000       0x20 Core/Src/gpio.o
 .debug_aranges
                0x0000000000000020       0x38 Core/Src/main.o
 .debug_aranges
                0x0000000000000058       0x20 Core/Src/stm32f1xx_hal_msp.o
 .debug_aranges
                0x0000000000000078       0x60 Core/Src/stm32f1xx_it.o
 .debug_aranges
                0x00000000000000d8       0x28 Core/Src/system_stm32f1xx.o
 .debug_aranges
                0x0000000000000100       0x28 Core/Startup/startup_stm32f103c8tx.o
 .debug_aranges
                0x0000000000000128       0xe0 Drivers/STM32F1xx_HAL_Driver/Src/stm32f1xx_hal.o
 .debug_aranges
                0x0000000000000208      0x100 Drivers/STM32F1xx_HAL_Driver/Src/stm32f1xx_hal_cortex.o
 .debug_aranges
                0x0000000000000308       0x58 Drivers/STM32F1xx_HAL_Driver/Src/stm32f1xx_hal_gpio.o
 .debug_aranges
                0x0000000000000360       0x90 Drivers/STM32F1xx_HAL_Driver/Src/stm32f1xx_hal_rcc.o
 .debug_aranges
                0x00000000000003f0       0x68 User/Configuration/Tasks/cfg_task.o
 .debug_aranges
                0x0000000000000458       0x30 User/Framework/Scheduler/scheduler.o

.debug_ranges   0x0000000000000000      0x3d0
 .debug_ranges  0x0000000000000000       0x10 Core/Src/gpio.o
 .debug_ranges  0x0000000000000010       0x28 Core/Src/main.o
 .debug_ranges  0x0000000000000038       0x10 Core/Src/stm32f1xx_hal_msp.o
 .debug_ranges  0x0000000000000048       0x50 Core/Src/stm32f1xx_it.o
 .debug_ranges  0x0000000000000098       0x18 Core/Src/system_stm32f1xx.o
 .debug_ranges  0x00000000000000b0       0x20 Core/Startup/startup_stm32f103c8tx.o
 .debug_ranges  0x00000000000000d0       0xd0 Drivers/STM32F1xx_HAL_Driver/Src/stm32f1xx_hal.o
 .debug_ranges  0x00000000000001a0       0xf0 Drivers/STM32F1xx_HAL_Driver/Src/stm32f1xx_hal_cortex.o
 .debug_ranges  0x0000000000000290       0x48 Drivers/STM32F1xx_HAL_Driver/Src/stm32f1xx_hal_gpio.o
 .debug_ranges  0x00000000000002d8       0x80 Drivers/STM32F1xx_HAL_Driver/Src/stm32f1xx_hal_rcc.o
 .debug_ranges  0x0000000000000358       0x58 User/Configuration/Tasks/cfg_task.o
 .debug_ranges  0x00000000000003b0       0x20 User/Framework/Scheduler/scheduler.o

.debug_macro    0x0000000000000000    0x12759
 .debug_macro   0x0000000000000000      0x199 Core/Src/gpio.o
 .debug_macro   0x0000000000000199      0xa5a Core/Src/gpio.o
 .debug_macro   0x0000000000000bf3      0x216 Core/Src/gpio.o
 .debug_macro   0x0000000000000e09       0x2e Core/Src/gpio.o
 .debug_macro   0x0000000000000e37       0x22 Core/Src/gpio.o
 .debug_macro   0x0000000000000e59       0x22 Core/Src/gpio.o
 .debug_macro   0x0000000000000e7b       0x8e Core/Src/gpio.o
 .debug_macro   0x0000000000000f09       0x51 Core/Src/gpio.o
 .debug_macro   0x0000000000000f5a       0xef Core/Src/gpio.o
 .debug_macro   0x0000000000001049       0x6a Core/Src/gpio.o
 .debug_macro   0x00000000000010b3      0x1df Core/Src/gpio.o
 .debug_macro   0x0000000000001292       0x1c Core/Src/gpio.o
 .debug_macro   0x00000000000012ae       0x22 Core/Src/gpio.o
 .debug_macro   0x00000000000012d0       0xc3 Core/Src/gpio.o
 .debug_macro   0x0000000000001393      0xd23 Core/Src/gpio.o
 .debug_macro   0x00000000000020b6     0xe09e Core/Src/gpio.o
 .debug_macro   0x0000000000010154       0x43 Core/Src/gpio.o
 .debug_macro   0x0000000000010197      0x174 Core/Src/gpio.o
 .debug_macro   0x000000000001030b       0x5a Core/Src/gpio.o
 .debug_macro   0x0000000000010365      0x5be Core/Src/gpio.o
 .debug_macro   0x0000000000010923      0x289 Core/Src/gpio.o
 .debug_macro   0x0000000000010bac      0x1cb Core/Src/gpio.o
 .debug_macro   0x0000000000010d77      0x114 Core/Src/gpio.o
 .debug_macro   0x0000000000010e8b      0x1b2 Core/Src/gpio.o
 .debug_macro   0x000000000001103d       0x27 Core/Src/gpio.o
 .debug_macro   0x0000000000011064      0x136 Core/Src/gpio.o
 .debug_macro   0x000000000001119a      0x1bc Core/Src/gpio.o
 .debug_macro   0x0000000000011356       0x34 Core/Src/gpio.o
 .debug_macro   0x000000000001138a       0x3c Core/Src/gpio.o
 .debug_macro   0x00000000000113c6       0x57 Core/Src/gpio.o
 .debug_macro   0x000000000001141d       0x88 Core/Src/gpio.o
 .debug_macro   0x00000000000114a5      0x241 Core/Src/gpio.o
 .debug_macro   0x00000000000116e6      0x141 Core/Src/gpio.o
 .debug_macro   0x0000000000011827       0x83 Core/Src/gpio.o
 .debug_macro   0x00000000000118aa      0x1a7 Core/Src/main.o
 .debug_macro   0x0000000000011a51      0x18f Core/Src/stm32f1xx_hal_msp.o
 .debug_macro   0x0000000000011be0      0x1a3 Core/Src/stm32f1xx_it.o
 .debug_macro   0x0000000000011d83      0x181 Core/Src/system_stm32f1xx.o
 .debug_macro   0x0000000000011f04      0x19f Drivers/STM32F1xx_HAL_Driver/Src/stm32f1xx_hal.o
 .debug_macro   0x00000000000120a3      0x17b Drivers/STM32F1xx_HAL_Driver/Src/stm32f1xx_hal_cortex.o
 .debug_macro   0x000000000001221e      0x1e6 Drivers/STM32F1xx_HAL_Driver/Src/stm32f1xx_hal_gpio.o
 .debug_macro   0x0000000000012404      0x18d Drivers/STM32F1xx_HAL_Driver/Src/stm32f1xx_hal_rcc.o
 .debug_macro   0x0000000000012591      0x1a3 User/Configuration/Tasks/cfg_task.o
 .debug_macro   0x0000000000012734       0x25 User/Framework/Scheduler/scheduler.o

.debug_line     0x0000000000000000     0x4deb
 .debug_line    0x0000000000000000      0x643 Core/Src/gpio.o
 .debug_line    0x0000000000000643      0x6d9 Core/Src/main.o
 .debug_line    0x0000000000000d1c      0x63a Core/Src/stm32f1xx_hal_msp.o
 .debug_line    0x0000000000001356      0x730 Core/Src/stm32f1xx_it.o
 .debug_line    0x0000000000001a86      0x61e Core/Src/system_stm32f1xx.o
 .debug_line    0x00000000000020a4       0x84 Core/Startup/startup_stm32f103c8tx.o
 .debug_line    0x0000000000002128      0x7d8 Drivers/STM32F1xx_HAL_Driver/Src/stm32f1xx_hal.o
 .debug_line    0x0000000000002900      0x924 Drivers/STM32F1xx_HAL_Driver/Src/stm32f1xx_hal_cortex.o
 .debug_line    0x0000000000003224      0x92f Drivers/STM32F1xx_HAL_Driver/Src/stm32f1xx_hal_gpio.o
 .debug_line    0x0000000000003b53      0xa47 Drivers/STM32F1xx_HAL_Driver/Src/stm32f1xx_hal_rcc.o
 .debug_line    0x000000000000459a      0x732 User/Configuration/Tasks/cfg_task.o
 .debug_line    0x0000000000004ccc      0x11f User/Framework/Scheduler/scheduler.o

.debug_str      0x0000000000000000    0x63df2
 .debug_str     0x0000000000000000    0x62aba Core/Src/gpio.o
                                      0x62d69 (size before relaxing)
 .debug_str     0x0000000000062aba      0x18b Core/Src/main.o
                                      0x62e20 (size before relaxing)
 .debug_str     0x0000000000062c45       0x5a Core/Src/stm32f1xx_hal_msp.o
                                      0x62d21 (size before relaxing)
 .debug_str     0x0000000000062c9f       0xbd Core/Src/stm32f1xx_it.o
                                      0x62d4c (size before relaxing)
 .debug_str     0x0000000000062d5c       0xc2 Core/Src/system_stm32f1xx.o
                                      0x62d6d (size before relaxing)
 .debug_str     0x0000000000062e1e       0x36 Core/Startup/startup_stm32f103c8tx.o
                                         0x67 (size before relaxing)
 .debug_str     0x0000000000062e54      0x629 Drivers/STM32F1xx_HAL_Driver/Src/stm32f1xx_hal.o
                                      0x6337e (size before relaxing)
 .debug_str     0x000000000006347d      0x2c8 Drivers/STM32F1xx_HAL_Driver/Src/stm32f1xx_hal_cortex.o
                                      0x6338c (size before relaxing)
 .debug_str     0x0000000000063745      0x324 Drivers/STM32F1xx_HAL_Driver/Src/stm32f1xx_hal_gpio.o
                                      0x630b7 (size before relaxing)
 .debug_str     0x0000000000063a69      0x263 Drivers/STM32F1xx_HAL_Driver/Src/stm32f1xx_hal_rcc.o
                                      0x630f0 (size before relaxing)
 .debug_str     0x0000000000063ccc       0x95 User/Configuration/Tasks/cfg_task.o
                                      0x62d59 (size before relaxing)
 .debug_str     0x0000000000063d61       0x91 User/Framework/Scheduler/scheduler.o
                                       0x2d83 (size before relaxing)

.comment        0x0000000000000000       0x7b
 .comment       0x0000000000000000       0x7b Core/Src/gpio.o
                                         0x7c (size before relaxing)
 .comment       0x000000000000007b       0x7c Core/Src/main.o
 .comment       0x000000000000007b       0x7c Core/Src/stm32f1xx_hal_msp.o
 .comment       0x000000000000007b       0x7c Core/Src/stm32f1xx_it.o
 .comment       0x000000000000007b       0x7c Core/Src/system_stm32f1xx.o
 .comment       0x000000000000007b       0x7c Drivers/STM32F1xx_HAL_Driver/Src/stm32f1xx_hal.o
 .comment       0x000000000000007b       0x7c Drivers/STM32F1xx_HAL_Driver/Src/stm32f1xx_hal_cortex.o
 .comment       0x000000000000007b       0x7c Drivers/STM32F1xx_HAL_Driver/Src/stm32f1xx_hal_gpio.o
 .comment       0x000000000000007b       0x7c Drivers/STM32F1xx_HAL_Driver/Src/stm32f1xx_hal_rcc.o
 .comment       0x000000000000007b       0x7c User/Configuration/Tasks/cfg_task.o
 .comment       0x000000000000007b       0x7c User/Framework/Scheduler/scheduler.o

.debug_frame    0x0000000000000000      0xef8
 .debug_frame   0x0000000000000000       0x34 Core/Src/gpio.o
 .debug_frame   0x0000000000000034       0x98 Core/Src/main.o
 .debug_frame   0x00000000000000cc       0x38 Core/Src/stm32f1xx_hal_msp.o
 .debug_frame   0x0000000000000104      0x10c Core/Src/stm32f1xx_it.o
 .debug_frame   0x0000000000000210       0x58 Core/Src/system_stm32f1xx.o
 .debug_frame   0x0000000000000268      0x334 Drivers/STM32F1xx_HAL_Driver/Src/stm32f1xx_hal.o
 .debug_frame   0x000000000000059c      0x424 Drivers/STM32F1xx_HAL_Driver/Src/stm32f1xx_hal_cortex.o
 .debug_frame   0x00000000000009c0      0x138 Drivers/STM32F1xx_HAL_Driver/Src/stm32f1xx_hal_gpio.o
 .debug_frame   0x0000000000000af8      0x218 Drivers/STM32F1xx_HAL_Driver/Src/stm32f1xx_hal_rcc.o
 .debug_frame   0x0000000000000d10      0x130 User/Configuration/Tasks/cfg_task.o
 .debug_frame   0x0000000000000e40       0x6c User/Framework/Scheduler/scheduler.o
 .debug_frame   0x0000000000000eac       0x2c c:/st/stm32cubeide_1.2.0/stm32cubeide/plugins/com.st.stm32cube.ide.mcu.externaltools.gnu-tools-for-stm32.7-2018-q2-update.win32_1.0.0.201904181610/tools/bin/../lib/gcc/arm-none-eabi/7.3.1/../../../../arm-none-eabi/lib/thumb/v7-m\libc_nano.a(lib_a-init.o)
 .debug_frame   0x0000000000000ed8       0x20 c:/st/stm32cubeide_1.2.0/stm32cubeide/plugins/com.st.stm32cube.ide.mcu.externaltools.gnu-tools-for-stm32.7-2018-q2-update.win32_1.0.0.201904181610/tools/bin/../lib/gcc/arm-none-eabi/7.3.1/../../../../arm-none-eabi/lib/thumb/v7-m\libc_nano.a(lib_a-memset.o)
